// Jest Snapshot v1, https://goo.gl/fbAQLP

exports[`\`<CarouselInfor>\` Render correctly 1`] = `
Array [
  <div
    className="labelHeader"
    style={
      Object {
        "fontSize": 20,
        "fontWeight": 500,
      }
    }
  >
    Series
  </div>,
  <div
    className="carousel slide"
    onKeyDown={[Function]}
    onMouseOut={[Function]}
    onMouseOver={[Function]}
    onTouchEnd={[Function]}
    onTouchMove={[Function]}
    onTouchStart={[Function]}
  >
    <ol
      className="carousel-indicators"
    >
      <li
        className="active"
        onClick={[Function]}
      />
      <li
        onClick={[Function]}
      />
      <li
        onClick={[Function]}
      />
    </ol>
    <div
      className="carousel-inner"
    >
      <div
        className="active carousel-item"
        data-testid="carouselItem"
      >
        <img
          alt="First slide"
          className="d-block w-100"
          src="undefined.undefined"
        />
        <div
          className="carousel-caption"
        >
          <h3 />
          <p />
        </div>
      </div>
      <div
        className="carousel-item"
        data-testid="carouselItem"
      >
        <img
          alt="First slide"
          className="d-block w-100"
          src="undefined.undefined"
        />
        <div
          className="carousel-caption"
        >
          <h3 />
          <p />
        </div>
      </div>
      <div
        className="carousel-item"
        data-testid="carouselItem"
      >
        <img
          alt="First slide"
          className="d-block w-100"
          src="undefined.undefined"
        />
        <div
          className="carousel-caption"
        >
          <h3 />
          <p />
        </div>
      </div>
    </div>
    <a
      className="carousel-control-prev"
      href="#"
      onClick={[Function]}
      onKeyDown={[Function]}
      role="button"
    >
      <span
        aria-hidden="true"
        className="carousel-control-prev-icon"
      />
      <span
        className="sr-only"
      >
        Previous
      </span>
    </a>
    <a
      className="carousel-control-next"
      href="#"
      onClick={[Function]}
      onKeyDown={[Function]}
      role="button"
    >
      <span
        aria-hidden="true"
        className="carousel-control-next-icon"
      />
      <span
        className="sr-only"
      >
        Next
      </span>
    </a>
  </div>,
]
`;
