// Jest Snapshot v1, https://goo.gl/fbAQLP

exports[`\`<MarvelInputSearch>\` Render correctly 1`] = `
<div>
  <label
    className="labelSearch"
    htmlFor=""
  >
    Nome do personagem
  </label>
  <div
    className="mb-3 inputGroup input-group"
  >
    <input
      aria-label="Busque personagens"
      className="inputSearch form-control"
      data-testid="inputSearch"
      onChange={[Function]}
      placeholder="Search"
      value=""
    />
    <img
      alt=""
      className="icon"
      src="/mar.png"
    />
  </div>
</div>
`;
