// Jest Snapshot v1, https://goo.gl/fbAQLP

exports[`\`<MarvelPagination>\` Render correctly 1`] = `
<ul
  className="showPagination pagination"
  data-testid="paginationDiv"
>
  <li
    className="page-item"
  >
    <a
      className="page-link"
      href="#"
      onClick={[Function]}
      onKeyDown={[Function]}
      role="button"
    >
      <span
        aria-hidden="true"
      >
        «
      </span>
      <span
        className="sr-only"
      >
        First
      </span>
    </a>
  </li>
  <li
    className="page-item"
  >
    <a
      className="page-link"
      href="#"
      onClick={[Function]}
      onKeyDown={[Function]}
      role="button"
    >
      <span
        aria-hidden="true"
      >
        ‹
      </span>
      <span
        className="sr-only"
      >
        Previous
      </span>
    </a>
  </li>
  <li
    className="page-item active"
  >
    <span
      className="page-link"
      data-testid="paginationItems"
      disabled={false}
      onClick={[Function]}
    >
      1
      <span
        className="sr-only"
      >
        (current)
      </span>
    </span>
  </li>
  <li
    className="page-item"
  >
    <a
      className="page-link"
      data-testid="paginationItems"
      href="#"
      onClick={[Function]}
      onKeyDown={[Function]}
      role="button"
    >
      2
    </a>
  </li>
  <li
    className="page-item"
  >
    <a
      className="page-link"
      data-testid="paginationItems"
      href="#"
      onClick={[Function]}
      onKeyDown={[Function]}
      role="button"
    >
      3
    </a>
  </li>
  <li
    className="page-item"
  >
    <a
      className="page-link"
      data-testid="paginationItems"
      href="#"
      onClick={[Function]}
      onKeyDown={[Function]}
      role="button"
    >
      4
    </a>
  </li>
  <li
    className="page-item"
  >
    <a
      className="page-link"
      data-testid="paginationItems"
      href="#"
      onClick={[Function]}
      onKeyDown={[Function]}
      role="button"
    >
      5
    </a>
  </li>
  <li
    className="page-item"
  >
    <a
      className="page-link"
      data-testid="paginationItems"
      href="#"
      onClick={[Function]}
      onKeyDown={[Function]}
      role="button"
    >
      6
    </a>
  </li>
  <li
    className="page-item"
  >
    <a
      className="page-link"
      data-testid="paginationItems"
      href="#"
      onClick={[Function]}
      onKeyDown={[Function]}
      role="button"
    >
      7
    </a>
  </li>
  <li
    className="page-item"
  >
    <a
      className="page-link"
      data-testid="paginationItems"
      href="#"
      onClick={[Function]}
      onKeyDown={[Function]}
      role="button"
    >
      8
    </a>
  </li>
  <li
    className="page-item"
  >
    <a
      className="page-link"
      data-testid="paginationItems"
      href="#"
      onClick={[Function]}
      onKeyDown={[Function]}
      role="button"
    >
      9
    </a>
  </li>
  <li
    className="page-item"
  >
    <a
      className="page-link"
      data-testid="paginationItems"
      href="#"
      onClick={[Function]}
      onKeyDown={[Function]}
      role="button"
    >
      10
    </a>
  </li>
  <li
    className="page-item"
  >
    <a
      className="page-link"
      href="#"
      onClick={[Function]}
      onKeyDown={[Function]}
      role="button"
    >
      <span
        aria-hidden="true"
      >
        ›
      </span>
      <span
        className="sr-only"
      >
        Next
      </span>
    </a>
  </li>
  <li
    className="page-item"
  >
    <a
      className="page-link"
      href="#"
      onClick={[Function]}
      onKeyDown={[Function]}
      role="button"
    >
      <span
        aria-hidden="true"
      >
        »
      </span>
      <span
        className="sr-only"
      >
        Last
      </span>
    </a>
  </li>
</ul>
`;
